[backblue.gif]
[fade.gif]
[index.html]
[localhost/swole/feed/index.html]
[localhost/swole/comments/feed/index.html]
[localhost/swole/wp-includes/js/jquery/jquery.minf43b.js]
[localhost/swole/wp-includes/js/jquery/jquery-migrate.min5589.js]
[localhost/swole/wp-json/index.html]
[localhost/swole/wp-json/wp/v2/pages/11.json]
[localhost/swole/xmlrpc0db0.php]
[localhost/swole/wp-json/oembed/1.0/embed056b.json]
[localhost/swole/wp-json/oembed/1.0/embed148e]
[localhost/swole/wp-content/themes/twentytwentyfive/assets/fonts/manrope/Manrope-VariableFont_wght.woff2]
[localhost/swole/wp-content/themes/twentytwentyfive/assets/fonts/fira-code/FiraCode-VariableFont_wght.woff2]
[localhost/swole/wp-content/uploads/2025/10/Picsart_25-10-23_13-47-36-295.png]
[localhost/swole/wp-content/uploads/2025/10/Picsart_25-10-23_21-48-55-3861.png]
[localhost/swole/wp-content/plugins/elementor/assets/js/webpack.runtime.min8e60.js]
[localhost/swole/wp-content/plugins/elementor/assets/js/frontend-modules.min8e60.js]
[localhost/swole/wp-includes/js/jquery/ui/core.minb37e.js]
[localhost/swole/wp-content/plugins/elementor/assets/js/frontend.min8e60.js]
[localhost/swole/wp-content/plugins/elementor-pro/assets/lib/sticky/jquery.sticky.min20c8.js]
[localhost/swole/wp-includes/js/imagesloaded.minbb93.js]
[localhost/swole/wp-content/plugins/elementor/assets/lib/swiper/v8/swiper.min94a4.js]
[localhost/swole/wp-content/plugins/elementor-pro/assets/js/webpack-pro.runtime.min20c8.js]
[localhost/swole/wp-includes/js/dist/hooks.min4fdd.js]
[localhost/swole/wp-includes/js/dist/i18n.minc33c.js]
[localhost/swole/wp-content/plugins/elementor-pro/assets/js/frontend.min20c8.js]
[localhost/swole/wp-content/plugins/elementor-pro/assets/js/elements-handlers.min20c8.js]
[localhost/swole/index.html]
[localhost/swole/wp-content/themes/twentytwentyfive/style4e44.css]
[localhost/swole/wp-content/plugins/elementor/assets/css/frontend.min8e60.css]
[localhost/swole/wp-content/uploads/elementor/css/post-701c9.css]
[localhost/swole/wp-content/plugins/elementor-pro/assets/css/widget-mega-menu.min20c8.css]
[localhost/swole/wp-content/plugins/elementor/assets/css/widget-heading.min8e60.css]
[localhost/swole/wp-content/plugins/elementor-pro/assets/css/modules/sticky.min20c8.css]
[localhost/swole/wp-content/plugins/elementor/assets/lib/animations/styles/fadeInDown.min8e60.css]
[localhost/swole/wp-content/plugins/elementor/assets/css/widget-image.min8e60.css]
[localhost/swole/wp-content/plugins/elementor/assets/lib/animations/styles/fadeIn.min8e60.css]
[localhost/swole/wp-content/plugins/elementor-pro/assets/css/modules/motion-fx.min20c8.css]
[localhost/swole/wp-content/plugins/elementor/assets/css/widget-icon-list.min8e60.css]
[localhost/swole/wp-content/plugins/elementor-pro/assets/css/widget-countdown.min20c8.css]
[localhost/swole/wp-content/plugins/elementor-pro/assets/css/widget-form.min20c8.css]
[localhost/swole/wp-content/plugins/elementor/assets/lib/animations/styles/fadeInUp.min8e60.css]
[localhost/swole/wp-content/plugins/elementor/assets/lib/swiper/v8/css/swiper.min94a4.css]
[localhost/swole/wp-content/plugins/elementor/assets/css/conditionals/e-swiper.min8e60.css]
[localhost/swole/wp-content/plugins/elementor-pro/assets/css/widget-slides.min20c8.css]
[localhost/swole/wp-content/uploads/2025/10/abnes.ttf]
[localhost/swole/wp-content/uploads/elementor/css/post-113cc1.css]
